Symbol range map extraction starting
Processing 58 files
processing myau\client\AmongUsMod.java
processing myau\client\alt\AltManager.java
processing myau\client\command\Command.java
processing myau\client\command\CommandManager.java
processing myau\client\command\commands\BindCmd.java
processing myau\client\command\commands\ConfigCmd.java
processing myau\client\command\commands\CoordsCmd.java
processing myau\client\command\commands\HelpCmd.java
processing myau\client\command\commands\ModulesCmd.java
processing myau\client\command\commands\StyleCmd.java
processing myau\client\command\commands\ToggleCmd.java
processing myau\client\config\ConfigManager.java
processing myau\client\core\Category.java
processing myau\client\core\KeybindManager.java
processing myau\client\core\Module.java
processing myau\client\core\ModuleManager.java
processing myau\client\gui\AltManagerScreen.java
processing myau\client\gui\ClickGUI.java
processing myau\client\gui\ClickGuiRenderer.java
processing myau\client\gui\GuiStyle.java
processing myau\client\gui\MainMenu.java
processing myau\client\gui\font\CustomFont.java
processing myau\client\gui\font\CustomFontRenderer.java
processing myau\client\module\Module.java
processing myau\client\modules\combat\AimAssist.java
processing myau\client\modules\combat\AutoSword.java
processing myau\client\modules\combat\KillAura.java
processing myau\client\modules\combat\Reach.java
processing myau\client\modules\combat\Velocity.java
processing myau\client\modules\exploit\Disabler.java
processing myau\client\modules\exploit\Timer.java
processing myau\client\modules\hud\ArrayListMod.java
processing myau\client\modules\hud\Coordinates.java
processing myau\client\modules\hud\FPS.java
processing myau\client\modules\hud\Keystrokes.java
processing myau\client\modules\hud\Notifications.java
processing myau\client\modules\hud\PotionEffects.java
processing myau\client\modules\hud\TargetHUD.java
processing myau\client\modules\hud\Watermark.java
processing myau\client\modules\movement\Fly.java
processing myau\client\modules\movement\NoSlow.java
processing myau\client\modules\movement\Scaffold.java
processing myau\client\modules\movement\Speed.java
processing myau\client\modules\movement\Sprint.java
processing myau\client\modules\movement\Step.java
processing myau\client\modules\movement\Strafe.java
processing myau\client\modules\player\AutoArmor.java
processing myau\client\modules\player\ChestStealer.java
processing myau\client\modules\player\FastBreak.java
processing myau\client\modules\player\FastPlace.java
processing myau\client\modules\player\NoFall.java
processing myau\client\modules\render\BlockESP.java
processing myau\client\modules\render\Chasm.java
processing myau\client\modules\render\ESP.java
processing myau\client\modules\render\Fullbright.java
processing myau\client\modules\render\NameTags.java
processing myau\client\modules\render\Tracers.java
processing myau\client\settings\Setting.java
